// Vitest Snapshot v1, https://vitest.dev/guide/snapshot.html

exports[`ReviewForm.vue > funciona con los datos correctos al enviar 1`] = `
"<form data-v-43595a5a="" class="review-form">
  <h3 data-v-43595a5a="">Leave a review</h3><label data-v-43595a5a="" for="name">Name:</label><input data-v-43595a5a="" id="name"><label data-v-43595a5a="" for="review">Review:</label><textarea data-v-43595a5a="" id="review"></textarea><label data-v-43595a5a="" for="rating">Rating:</label><select data-v-43595a5a="" id="rating">
    <option data-v-43595a5a="">5</option>
    <option data-v-43595a5a="">4</option>
    <option data-v-43595a5a="">3</option>
    <option data-v-43595a5a="">2</option>
    <option data-v-43595a5a="">1</option>
  </select><label data-v-43595a5a="" for="recommended">Would you recommend this product?</label><select data-v-43595a5a="" id="recommended">
    <option data-v-43595a5a="" value="1">Yes</option>
    <option data-v-43595a5a="" value="0">No</option>
  </select><input data-v-43595a5a="" class="button" type="submit" value="Submit">
</form>"
`;
